
> react-timeline-scheduler@1.0.17 test
> vitest run src/__tests__/TaskVisibility.test.tsx


[1m[46m RUN [49m[22m [36mv4.0.15 [39m[90mF:/Projects/react-timeline-scheduler[39m

 [31mΓ¥»[39m src/__tests__/TaskVisibility.test.tsx [2m([22m[2m1 test[22m[2m | [22m[31m1 failed[39m[2m)[22m[33m 5028[2mms[22m[39m
[31m     [31m├ù[31m should render tasks that start before the visible date range[39m[33m 5026[2mms[22m[39m
node.exe : 
At line:1 char:1
+ & "C:\Program Files\
nodejs/node.exe" 
"C:\Program 
Files\nodejs/node_mo 
...
+ ~~~~~~~~~~~~~~~~~~~~
~~~~~~~~~~~~~~~~~~~~~~
~~~~~~~~~~~~~~~~~~~~~~
~~~~~
    + CategoryInfo    
          : NotSpeci  
  fied: (:String) [   
 ], RemoteExceptio    
n
    + FullyQualifiedE 
   rrorId : NativeCo  
  mmandError
 
[31mΓÄ»ΓÄ»ΓÄ»ΓÄ»ΓÄ»ΓÄ
»ΓÄ»[39m[1m[41m 
Failed Tests 1 [49m[
22m[31mΓÄ»ΓÄ»ΓÄ»ΓÄ»ΓÄ
»ΓÄ»ΓÄ»[39m

[41m[1m FAIL 
[22m[49m src/__tests
__/TaskVisibility.test
.tsx[2m > [22mTask 
Visibility[2m > 
[22mshould render 
tasks that start 
before the visible 
date range
[31m[1mError[22m: 
Test timed out in 
5000ms.
If this is a 
long-running test, 
pass a timeout value 
as the last argument 
or configure it 
globally with 
"testTimeout".[39m
[36m [2mΓ¥»[22m src
/__tests__/TaskVisibil
ity.test.tsx:[2m23:3
[22m[39m
    [90m 21| [39m  
})[33m;[39m
    [90m 22| [39m
    [90m 23| [39m  
it('should render 
tasks that start 
before the visible 
date range', aΓÇª
    [90m   | [39m  
[31m^[39m
    [90m 24| [39m   
 [35mconst[39m data 
[33m=[39m [
    [90m 25| [39m   
   {

[31m[2mΓÄ»ΓÄ»ΓÄ»ΓÄ»Γ
Ä»ΓÄ»ΓÄ»ΓÄ»ΓÄ»ΓÄ»ΓÄ»ΓÄ
»ΓÄ»ΓÄ»ΓÄ»ΓÄ»ΓÄ»ΓÄ»ΓÄ»
ΓÄ»ΓÄ»ΓÄ»ΓÄ»ΓÄ»[1/1]ΓÄ
»[22m[39m


[2m Test Files [22m [1m[31m1 failed[39m[22m[90m (1)[39m
[2m      Tests [22m [1m[31m1 failed[39m[22m[90m (1)[39m
[2m   Start at [22m 13:49:21
[2m   Duration [22m 6.49s[2m (transform 256ms, setup 0ms, import 783ms, tests 5.03s, environment 539ms)[22m

